// Jest Snapshot v1, https://goo.gl/fbAQLP

exports[`Render by empty config should return expected value 1`] = `[]`;
